Archive member included to satisfy reference by file (symbol)

build/native///contiki-ng-native.a(contiki-main.o)
                              /usr/lib/gcc/x86_64-linux-gnu/7/../../../x86_64-linux-gnu/Scrt1.o (main)
build/native///contiki-ng-native.a(autostart.o)
                              build/native///contiki-ng-native.a(contiki-main.o) (autostart_start)
build/native///contiki-ng-native.a(energest.o)
                              build/native///contiki-ng-native.a(contiki-main.o) (energest_init)
build/native///contiki-ng-native.a(etimer.o)
                              build/native///contiki-ng-native.a(contiki-main.o) (etimer_process)
build/native///contiki-ng-native.a(log.o)
                              build/native///contiki-ng-native.a(contiki-main.o) (log_6addr)
build/native///contiki-ng-native.a(ctimer.o)
                              build/native///contiki-ng-native.a(contiki-main.o) (ctimer_init)
build/native///contiki-ng-native.a(rtimer.o)
                              build/native///contiki-ng-native.a(contiki-main.o) (rtimer_init)
build/native///contiki-ng-native.a(node-id.o)
                              build/native///contiki-ng-native.a(contiki-main.o) (node_id_init)
build/native///contiki-ng-native.a(process.o)
                              build/native///contiki-ng-native.a(etimer.o) (process_current)
build/native///contiki-ng-native.a(timer.o)
                              build/native///contiki-ng-native.a(etimer.o) (timer_set)
build/native///contiki-ng-native.a(list.o)
                              build/native///contiki-ng-native.a(ctimer.o) (list_init)
build/native///contiki-ng-native.a(queuebuf.o)
                              build/native///contiki-ng-native.a(contiki-main.o) (queuebuf_init)
build/native///contiki-ng-native.a(packetbuf.o)
                              build/native///contiki-ng-native.a(queuebuf.o) (packetbuf_copyto)
build/native///contiki-ng-native.a(netstack.o)
                              build/native///contiki-ng-native.a(contiki-main.o) (netstack_init)
build/native///contiki-ng-native.a(linkaddr.o)
                              build/native///contiki-ng-native.a(packetbuf.o) (linkaddr_copy)
build/native///contiki-ng-native.a(nullmac.o)
                              build/native///contiki-ng-native.a(contiki-main.o) (nullmac_driver)
build/native///contiki-ng-native.a(uip-ds6.o)
                              build/native///contiki-ng-native.a(contiki-main.o) (uip_ds6_get_link_local)
build/native///contiki-ng-native.a(uiplib.o)
                              build/native///contiki-ng-native.a(log.o) (uiplib_ipaddr_snprint)
build/native///contiki-ng-native.a(tcpip.o)
                              build/native///contiki-ng-native.a(contiki-main.o) (tcpip_process)
build/native///contiki-ng-native.a(uip-ds6-route.o)
                              build/native///contiki-ng-native.a(uip-ds6.o) (uip_ds6_route_init)
build/native///contiki-ng-native.a(uip-ds6-nbr.o)
                              build/native///contiki-ng-native.a(uip-ds6.o) (uip_ds6_neighbors_init)
build/native///contiki-ng-native.a(uip6.o)
                              build/native///contiki-ng-native.a(tcpip.o) (uip_aligned_buf)
build/native///contiki-ng-native.a(uip-nd6.o)
                              build/native///contiki-ng-native.a(uip6.o) (uip_nd6_init)
build/native///contiki-ng-native.a(rpl.o)
                              build/native///contiki-ng-native.a(contiki-main.o) (rpl_lite_driver)
build/native///contiki-ng-native.a(rpl-dag-root.o)
                              build/native///contiki-ng-native.a(rpl.o) (rpl_dag_root_set_prefix)
build/native///contiki-ng-native.a(platform.o)
                              build/native///contiki-ng-native.a(contiki-main.o) (platform_process_args)
build/native///contiki-ng-native.a(clock.o)
                              build/native///contiki-ng-native.a(etimer.o) (clock_time)
build/native///contiki-ng-native.a(tun6-net.o)
                              build/native///contiki-ng-native.a(contiki-main.o) (tun6_net_driver)
build/native///contiki-ng-native.a(rtimer-arch.o)
                              build/native///contiki-ng-native.a(rtimer.o) (rtimer_arch_init)
build/native///contiki-ng-native.a(watchdog.o)
                              build/native///contiki-ng-native.a(contiki-main.o) (watchdog_init)
build/native///contiki-ng-native.a(stimer.o)
                              build/native///contiki-ng-native.a(uip-ds6.o) (stimer_set)
build/native///contiki-ng-native.a(button-hal.o)
                              build/native///contiki-ng-native.a(platform.o) (button_hal_init)
build/native///contiki-ng-native.a(serial-line.o)
                              build/native///contiki-ng-native.a(platform.o) (serial_line_input_byte)
build/native///contiki-ng-native.a(leds.o)
                              build/native///contiki-ng-native.a(platform.o) (leds_init)
build/native///contiki-ng-native.a(nullradio.o)
[...]
Memory Configuration

Name             Origin             Length             Attributes
*default*        0x0000000000000000 0xffffffffffffffff

Linker script and memory map

LOAD /usr/lib/gcc/x86_64-linux-gnu/7/../../../x86_64-linux-gnu/Scrt1.o
LOAD /usr/lib/gcc/x86_64-linux-gnu/7/../../../x86_64-linux-gnu/crti.o
LOAD /usr/lib/gcc/x86_64-linux-gnu/7/crtbeginS.o
LOAD demo-counter.o
LOAD build/native///obj/mycounter.o
LOAD build/native///contiki-ng-native.a
LOAD /usr/lib/gcc/x86_64-linux-gnu/7/../../../x86_64-linux-gnu/librt.so
LOAD /usr/lib/gcc/x86_64-linux-gnu/7/libgcc.a
LOAD /usr/lib/gcc/x86_64-linux-gnu/7/libgcc_s.so
START GROUP
LOAD /usr/lib/gcc/x86_64-linux-gnu/7/libgcc_s.so.1
LOAD /usr/lib/gcc/x86_64-linux-gnu/7/libgcc.a
END GROUP
LOAD /usr/lib/gcc/x86_64-linux-gnu/7/../../../x86_64-linux-gnu/libc.so
START GROUP
LOAD /lib/x86_64-linux-gnu/libc.so.6
LOAD /usr/lib/x86_64-linux-gnu/libc_nonshared.a
LOAD /lib/x86_64-linux-gnu/ld-linux-x86-64.so.2
END GROUP
LOAD /usr/lib/gcc/x86_64-linux-gnu/7/libgcc.a
LOAD /usr/lib/gcc/x86_64-linux-gnu/7/libgcc_s.so
START GROUP
LOAD /usr/lib/gcc/x86_64-linux-gnu/7/libgcc_s.so.1
LOAD /usr/lib/gcc/x86_64-linux-gnu/7/libgcc.a
END GROUP
LOAD /usr/lib/gcc/x86_64-linux-gnu/7/crtendS.o
LOAD /usr/lib/gcc/x86_64-linux-gnu/7/../../../x86_64-linux-gnu/crtn.o
                [!provide]                        PROVIDE (__executable_start = SEGMENT_START ("text-segment", 0x0))
                0x0000000000000238                . = (SEGMENT_START ("text-segment", 0x0) + SIZEOF_HEADERS)

.interp         0x0000000000000238       0x1c
 *(.interp)
 .interp        0x0000000000000238       0x1c /usr/lib/gcc/x86_64-linux-gnu/7/../../../x86_64-linux-gnu/Scrt1.o

.note.ABI-tag   0x0000000000000254       0x20
 .note.ABI-tag  0x0000000000000254       0x20 /usr/lib/gcc/x86_64-linux-gnu/7/../../../x86_64-linux-gnu/Scrt1.o

.note.gnu.build-id
                0x0000000000000274       0x24
 *(.note.gnu.build-id)
 .note.gnu.build-id
                0x0000000000000274       0x24 /usr/lib/gcc/x86_64-linux-gnu/7/../../../x86_64-linux-gnu/Scrt1.o

.hash
 *(.hash)

.gnu.hash       0x0000000000000298      0xda0
 *(.gnu.hash)
 .gnu.hash      0x0000000000000298      0xda0 /usr/lib/gcc/x86_64-linux-gnu/7/../../../x86_64-linux-gnu/Scrt1.o

.dynsym         0x0000000000001038     0x30c0
 *(.dynsym)
 .dynsym        0x0000000000001038     0x30c0 /usr/lib/gcc/x86_64-linux-gnu/7/../../../x86_64-linux-gnu/Scrt1.o

.dynstr         0x00000000000040f8     0x2407
 *(.dynstr)
 .dynstr        0x00000000000040f8     0x2407 /usr/lib/gcc/x86_64-linux-gnu/7/../../../x86_64-linux-gnu/Scrt1.o

.gnu.version    0x0000000000006500      0x410
 *(.gnu.version)
 .gnu.version   0x0000000000006500      0x410 /usr/lib/gcc/x86_64-linux-gnu/7/../../../x86_64-linux-gnu/Scrt1.o

.gnu.version_d  0x0000000000006910        0x0
 *(.gnu.version_d)
 .gnu.version_d
                0x0000000000006910        0x0 /usr/lib/gcc/x86_64-linux-gnu/7/../../../x86_64-linux-gnu/Scrt1.o

.gnu.version_r  0x0000000000006910       0x80
 *(.gnu.version_r)
 .gnu.version_r
                0x0000000000006910       0x80 /usr/lib/gcc/x86_64-linux-gnu/7/../../../x86_64-linux-gnu/Scrt1.o

.rela.dyn       0x0000000000006990      0xbb8
 *(.rela.init)
 *(.rela.text .rela.text.* .rela.gnu.linkonce.t.*)
 .rela.text.startup
                0x0000000000006990        0x0 /usr/lib/gcc/x86_64-linux-gnu/7/../../../x86_64-linux-gnu/Scrt1.o
 .rela.text     0x0000000000006990        0x0 /usr/lib/gcc/x86_64-linux-gnu/7/../../../x86_64-linux-gnu/Scrt1.o
 *(.rela.fini)
 *(.rela.rodata .rela.rodata.* .rela.gnu.linkonce.r.*)
 *(.rela.data .rela.data.* .rela.gnu.linkonce.d.*)
 .rela.data.rel.ro
                0x0000000000006990      0x1e0 /usr/lib/gcc/x86_64-linux-gnu/7/../../../x86_64-linux-gnu/Scrt1.o
 .rela.data.rel.local
                0x0000000000006b70      0x630 /usr/lib/gcc/x86_64-linux-gnu/7/../../../x86_64-linux-gnu/Scrt1.o
 .rela.data.rel.ro.local
                0x00000000000071a0      0x2d0 /usr/lib/gcc/x86_64-linux-gnu/7/../../../x86_64-linux-gnu/Scrt1.o
 *(.rela.tdata .rela.tdata.* .rela.gnu.linkonce.td.*)
 *(.rela.tbss .rela.tbss.* .rela.gnu.linkonce.tb.*)
 *(.rela.ctors)
 *(.rela.dtors)
 *(.rela.got)
 .rela.got      0x0000000000007470       0x78 /usr/lib/gcc/x86_64-linux-gnu/7/../../../x86_64-linux-gnu/Scrt1.o
 *(.rela.bss .rela.bss.* .rela.gnu.linkonce.b.*)
 .rela.bss      0x00000000000074e8       0x30 /usr/lib/gcc/x86_64-linux-gnu/7/../../../x86_64-linux-gnu/Scrt1.o
 *(.rela.ldata .rela.ldata.* .rela.gnu.linkonce.l.*)
 *(.rela.lbss .rela.lbss.* .rela.gnu.linkonce.lb.*)
 *(.rela.lrodata .rela.lrodata.* .rela.gnu.linkonce.lr.*)
 *(.rela.ifunc)
 .rela.ifunc    0x0000000000007518        0x0 /usr/lib/gcc/x86_64-linux-gnu/7/../../../x86_64-linux-gnu/Scrt1.o
 .rela.fini_array
                0x0000000000007518       0x18 /usr/lib/gcc/x86_64-linux-gnu/7/../../../x86_64-linux-gnu/Scrt1.o
 .rela.init_array
                0x0000000000007530       0x18 /usr/lib/gcc/x86_64-linux-gnu/7/../../../x86_64-linux-gnu/Scrt1.o

.rela.plt       0x0000000000007548      0x378
 *(.rela.plt)
 .rela.plt      0x0000000000007548      0x378 /usr/lib/gcc/x86_64-linux-gnu/7/../../../x86_64-linux-gnu/Scrt1.o
                [!provide]                        PROVIDE (__rela_iplt_start = .)
 *(.rela.iplt)
                [!provide]                        PROVIDE (__rela_iplt_end = .)

.init           0x00000000000078c0       0x17
 *(SORT_NONE(.init))
 .init          0x00000000000078c0       0x12 /usr/lib/gcc/x86_64-linux-gnu/7/../../../x86_64-linux-gnu/crti.o
                0x00000000000078c0                _init
 .init          0x00000000000078d2        0x5 /usr/lib/gcc/x86_64-linux-gnu/7/../../../x86_64-linux-gnu/crtn.o

.plt            0x00000000000078e0      0x260
 *(.plt)
 .plt           0x00000000000078e0      0x260 /usr/lib/gcc/x86_64-linux-gnu/7/../../../x86_64-linux-gnu/Scrt1.o
 *(.iplt)

.plt.got        0x0000000000007b40        0x8
 *(.plt.got)
 .plt.got       0x0000000000007b40        0x8 /usr/lib/gcc/x86_64-linux-gnu/7/../../../x86_64-linux-gnu/Scrt1.o

.plt.sec
 *(.plt.sec)

.text           0x0000000000007b50     0xbf8e
 *(.text.unlikely .text.*_unlikely .text.unlikely.*)
 *(.text.exit .text.exit.*)
 *(.text.startup .text.startup.*)
 .text.startup  0x0000000000007b50      0x367 build/native///contiki-ng-native.a(contiki-main.o)
                0x0000000000007b50                main
 *(.text.hot .text.hot.*)
 *(.text .stub .text.* .gnu.linkonce.t.*)
 *fill*         0x0000000000007eb7        0x9 
 .text          0x0000000000007ec0       0x2b /usr/lib/gcc/x86_64-linux-gnu/7/../../../x86_64-linux-gnu/Scrt1.o
                0x0000000000007ec0                _start
 .text          0x0000000000007eeb        0x0 /usr/lib/gcc/x86_64-linux-gnu/7/../../../x86_64-linux-gnu/crti.o
 *fill*         0x0000000000007eeb        0x5 
 .text          0x0000000000007ef0       0xda /usr/lib/gcc/x86_64-linux-gnu/7/crtbeginS.o
 *fill*         0x0000000000007fca        0x6 
 .text          0x0000000000007fd0       0x98 demo-counter.o
 *fill*         0x0000000000008068        0x8 
 .text          0x0000000000008070        0xf build/native///obj/mycounter.o
                0x0000000000008070                next_counter
 .text          0x000000000000807f        0x0 build/native///contiki-ng-native.a(contiki-main.o)
 *fill*         0x000000000000807f        0x1 
 .text          0x0000000000008080       0x54 build/native///contiki-ng-native.a(autostart.o)
                0x0000000000008080                autostart_start
                0x00000000000080b0                autostart_exit
 *fill*         0x00000000000080d4        0xc 
 .text          0x00000000000080e0       0x23 build/native///contiki-ng-native.a(energest.o)
                0x00000000000080e0                energest_init
                0x00000000000080f0                energest_flush
                0x0000000000008100                energest_get_total_time
 *fill*         0x0000000000008103        0xd 
 .text          0x0000000000008110      0x44d build/native///contiki-ng-native.a(etimer.o)
                0x00000000000083b0                etimer_request_poll
                0x00000000000083c0                etimer_set
                0x00000000000083e0                etimer_reset_with_new_interval
                0x0000000000008410                etimer_reset
                0x0000000000008430                etimer_restart
                0x0000000000008450                etimer_adjust
                0x0000000000008480                etimer_expired
                0x0000000000008490                etimer_expiration_time
                0x00000000000084a0                etimer_start_time
                0x00000000000084b0                etimer_pending
                0x00000000000084c0                etimer_next_expiration_time
                0x00000000000084e0                etimer_stop
 *fill*         0x000000000000855d        0x3 
 .text          0x0000000000008560      0x3b8 build/native///contiki-ng-native.a(log.o)
                0x0000000000008560                log_6addr
                0x00000000000085c0                log_6addr_compact_snprint
                0x0000000000008640                log_6addr_compact
                0x00000000000086a0                log_lladdr
                0x0000000000008740                log_lladdr_compact
                0x0000000000008790                log_set_level
                0x0000000000008820                log_get_level
                0x00000000000088b0                log_level_to_str
 *fill*         0x0000000000008918        0x8 
 .text          0x0000000000008920      0x364 build/native///contiki-ng-native.a(ctimer.o)
                0x0000000000008a40                ctimer_init
                0x0000000000008a70                ctimer_set_with_process
                0x0000000000008ae0                ctimer_set
                0x0000000000008af0                ctimer_reset
                0x0000000000008b60                ctimer_restart
                0x0000000000008bd0                ctimer_stop
                0x0000000000008c30                ctimer_expired
 *fill*         0x0000000000008c84        0xc 
 .text          0x0000000000008c90       0xaa build/native///contiki-ng-native.a(rtimer.o)
                0x0000000000008c90                rtimer_init
                0x0000000000008ca0                rtimer_set
                0x0000000000008cf0                rtimer_run_next
 *fill*         0x0000000000008d3a        0x6 
 .text          0x0000000000008d40       0x1b build/native///contiki-ng-native.a(node-id.o)
                0x0000000000008d40                node_id_init
 *fill*         0x0000000000008d5b        0x5 
 .text          0x0000000000008d60      0x44a build/native///contiki-ng-native.a(process.o)
                0x0000000000008f20                process_alloc_event
                0x0000000000008f40                process_start
                0x0000000000008fb0                process_exit
                0x0000000000008fc0                process_init
                0x0000000000008ff0                process_run
                0x00000000000090e0                process_nevents
                0x0000000000009100                process_post
                0x0000000000009150                process_post_synch
                0x0000000000009170                process_poll
                0x00000000000091a0                process_is_running
 *fill*         0x00000000000091aa        0x6 
 .text          0x00000000000091b0       0x95 build/native///contiki-ng-native.a(timer.o)
                0x00000000000091b0                timer_set
                0x00000000000091d0                timer_reset
                0x0000000000009200                timer_restart
                0x0000000000009210                timer_expired
                0x0000000000009230                timer_remaining
 *fill*         0x0000000000009245        0xb 
 .text          0x0000000000009250      0x343 build/native///contiki-ng-native.a(list.o)
                0x0000000000009250                list_init
                0x0000000000009260                list_head
                0x0000000000009270                list_copy
                0x0000000000009280                list_tail
                0x00000000000092a0                list_add
                0x0000000000009320                list_push
                0x0000000000009390                list_chop
                0x00000000000093d0                list_pop
                0x00000000000093e0                list_remove
                0x0000000000009450                list_length
                0x0000000000009480                list_insert
                0x0000000000009540                list_item_next
                0x0000000000009560                list_contains
 *fill*         0x0000000000009593        0xd 
 .text          0x00000000000095a0      0x202 build/native///contiki-ng-native.a(queuebuf.o)
                0x00000000000095a0                queuebuf_init
                0x00000000000095c0                queuebuf_numfree
                0x00000000000095d0                queuebuf_new_from_packetbuf
                0x0000000000009650                queuebuf_update_attr_from_packetbuf
                0x0000000000009670                queuebuf_update_from_packetbuf
                0x00000000000096a0                queuebuf_free
                0x00000000000096e0                queuebuf_to_packetbuf
                0x0000000000009730                queuebuf_dataptr
                0x0000000000009760                queuebuf_datalen
                0x0000000000009770                queuebuf_addr
                0x0000000000009790                queuebuf_attr
                0x00000000000097a0                queuebuf_debug_print
 *fill*         0x00000000000097a2        0xe 
 .text          0x00000000000097b0      0x3e3 build/native///contiki-ng-native.a(packetbuf.o)
                0x00000000000097b0                packetbuf_copyto
                0x0000000000009890                packetbuf_hdralloc
                0x0000000000009900                packetbuf_hdrreduce
                0x0000000000009930                packetbuf_set_datalen
                0x0000000000009940                packetbuf_dataptr
                0x0000000000009960                packetbuf_hdrptr
                0x0000000000009970                packetbuf_datalen
                0x0000000000009980                packetbuf_hdrlen
                0x0000000000009990                packetbuf_totlen
                0x00000000000099b0                packetbuf_remaininglen
                0x00000000000099d0                packetbuf_attr_clear
                0x0000000000009a20                packetbuf_clear
                0x0000000000009a40                packetbuf_copyfrom
                0x0000000000009aa0                packetbuf_attr_copyto
                0x0000000000009ad0                packetbuf_attr_copyfrom
                0x0000000000009b00                packetbuf_set_attr
                0x0000000000009b20                packetbuf_attr
                0x0000000000009b30                packetbuf_set_addr
                0x0000000000009b60                packetbuf_addr
                0x0000000000009b80                packetbuf_holds_broadcast
 *fill*         0x0000000000009b93        0xd 
 .text          0x0000000000009ba0       0xba build/native///contiki-ng-native.a(netstack.o)
                0x0000000000009ba0                netstack_process_ip_callback
                0x0000000000009c10                netstack_ip_packet_processor_add
                0x0000000000009c30                uip_ds6_ip_packet_processor_rm
                0x0000000000009c40                netstack_init
 *fill*         0x0000000000009c5a        0x6 
 .text          0x0000000000009c60       0x2b build/native///contiki-ng-native.a(linkaddr.o)
                0x0000000000009c60                linkaddr_copy
                0x0000000000009c70                linkaddr_cmp
                0x0000000000009c80                linkaddr_set_node_addr
 *fill*         0x0000000000009c8b        0x5 
 .text          0x0000000000009c90       0x52 build/native///contiki-ng-native.a(nullmac.o)
 *fill*         0x0000000000009ce2        0xe 
 .text          0x0000000000009cf0      0xb04 build/native///contiki-ng-native.a(uip-ds6.o)
                0x0000000000009db0                uip_ds6_default_prefix
                0x0000000000009dc0                uip_ds6_set_default_prefix
                0x0000000000009dd0                uip_ds6_list_loop
                0x0000000000009e10                uip_ds6_prefix_add
                0x0000000000009ec0                uip_ds6_prefix_rm
                0x0000000000009ed0                uip_ds6_prefix_lookup
                0x0000000000009f30                uip_ds6_is_addr_onlink
                0x0000000000009fa0                uip_ds6_addr_lookup
                0x000000000000a000                uip_ds6_get_link_local
                0x000000000000a070                uip_ds6_get_global
                0x000000000000a0e0                uip_ds6_maddr_add
                0x000000000000a140                uip_ds6_addr_add
                0x000000000000a230                uip_ds6_maddr_rm
                0x000000000000a240                uip_ds6_maddr_lookup
                0x000000000000a300                uip_ds6_addr_rm
                0x000000000000a320                uip_ds6_periodic
                0x000000000000a3a0                uip_ds6_aaddr_add
                0x000000000000a400                uip_ds6_aaddr_rm
                0x000000000000a410                uip_ds6_aaddr_lookup
                0x000000000000a470                uip_ds6_select_src
                0x000000000000a5b0                uip_ds6_set_addr_iid
                0x000000000000a5c0                uip_ds6_set_lladdr_from_iid
                0x000000000000a5d0                get_match_length
                0x000000000000a620                uip_ds6_compute_reachable_time
                0x000000000000a660                uip_ds6_init
 *fill*         0x000000000000a7f4        0xc 
 .text          0x000000000000a800      0x4a9 build/native///contiki-ng-native.a(uiplib.o)
                0x000000000000a800                uiplib_ip6addrconv
                0x000000000000aa00                uiplib_ip4addrconv
                0x000000000000aa80                uiplib_ipaddr_snprint
                0x000000000000ac50                uiplib_ipaddr_print
 *fill*         0x000000000000aca9        0x7 
 .text          0x000000000000acb0      0x575 build/native///contiki-ng-native.a(tcpip.o)
                0x000000000000acb0                tcpip_output
                0x000000000000ace0                udp_attach
                0x000000000000acf0                udp_new
                0x000000000000ad20                udp_broadcast_new
                0x000000000000ada0                tcpip_input
                0x000000000000add0                tcpip_ipv6_output
                0x000000000000b1c0                tcpip_poll_udp
                0x000000000000b1e0                tcpip_uipcall
 *fill*         0x000000000000b225        0xb 
 .text          0x000000000000b230      0x2ea build/native///contiki-ng-native.a(uip-ds6-route.o)
                0x000000000000b230                uip_ds6_route_init
                0x000000000000b250                uip_ds6_route_nexthop
                0x000000000000b260                uip_ds6_route_head
                0x000000000000b270                uip_ds6_route_next
                0x000000000000b280                uip_ds6_route_is_nexthop
                0x000000000000b290                uip_ds6_route_num_routes
                0x000000000000b2a0                uip_ds6_route_lookup
                0x000000000000b2b0                uip_ds6_route_add
                0x000000000000b2c0                uip_ds6_route_rm
                0x000000000000b2d0                uip_ds6_route_rm_by_nexthop
                0x000000000000b2e0                uip_ds6_defrt_head
                0x000000000000b2f0                uip_ds6_defrt_rm
                0x000000000000b350                uip_ds6_defrt_lookup
                0x000000000000b3a0                uip_ds6_defrt_add
                0x000000000000b450                uip_ds6_defrt_choose
                0x000000000000b4b0                uip_ds6_defrt_periodic
 *fill*         0x000000000000b51a        0x6 
 .text          0x000000000000b520      0x2e2 build/native///contiki-ng-native.a(uip-ds6-nbr.o)
                0x000000000000b550                uip_ds6_nbr_rm
                0x000000000000b570                uip_ds6_neighbors_init
                0x000000000000b590                uip_ds6_nbr_add
                0x000000000000b5e0                uip_ds6_nbr_update_ll
                0x000000000000b6b0                uip_ds6_nbr_get_ipaddr
                0x000000000000b6c0                uip_ds6_nbr_get_ll
                0x000000000000b6d0                uip_ds6_nbr_num
                0x000000000000b710                uip_ds6_nbr_head
                0x000000000000b720                uip_ds6_nbr_next
                0x000000000000b730                uip_ds6_nbr_lookup
                0x000000000000b7b0                uip_ds6_nbr_ll_lookup
                0x000000000000b7c0                uip_ds6_nbr_ipaddr_from_lladdr
                0x000000000000b7d0                uip_ds6_nbr_lladdr_from_ipaddr
                0x000000000000b800                uip_ds6_link_callback
 *fill*         0x000000000000b802        0xe 
 .text          0x000000000000b810      0xc2e build/native///contiki-ng-native.a(uip6.o)
                0x000000000000b9f0                uip_chksum
                0x000000000000ba10                uip_icmp6chksum
                0x000000000000ba20                uip_udpchksum
                0x000000000000ba30                uip_init
                0x000000000000bab0                uip_remove_ext_hdr
                0x000000000000bb50                uip_udp_new
                0x000000000000bc10                uip_process
                0x000000000000c380                uip_htons
                0x000000000000c390                uip_htonl
                0x000000000000c3b0                uip_send
 *fill*         0x000000000000c43e        0x2 
 .text          0x000000000000c440      0x45c build/native///contiki-ng-native.a(uip-nd6.o)
                0x000000000000c890                uip_nd6_init
 *fill*         0x000000000000c89c        0x4 
 .text          0x000000000000c8a0      0x498 build/native///contiki-ng-native.a(rpl.o)
                0x000000000000c8a0                rpl_has_joined
                0x000000000000c8c0                rpl_is_reachable
                0x000000000000ca20                rpl_link_callback
                0x000000000000ca80                rpl_lollipop_greater_than
                0x000000000000cad0                rpl_get_global_address
                0x000000000000cba0                rpl_reset_prefix
                0x000000000000cc00                rpl_set_prefix_from_addr
                0x000000000000cce0                rpl_set_prefix
                0x000000000000cd20                rpl_set_leaf_only
                0x000000000000cd30                rpl_get_leaf_only
 *fill*         0x000000000000cd38        0x8 
 .text          0x000000000000cd40      0x221 build/native///contiki-ng-native.a(rpl-dag-root.o)
                0x000000000000cdc0                rpl_dag_root_print_links
                0x000000000000ce60                rpl_dag_root_set_prefix
                0x000000000000ce90                rpl_dag_root_start
                0x000000000000cf40                rpl_dag_root_is_root
 *fill*         0x000000000000cf61        0xf 
 .text          0x000000000000cf70      0x42d build/native///contiki-ng-native.a(platform.o)
                0x000000000000cfe0                select_set_callback
                0x000000000000d070                platform_process_args
                0x000000000000d080                platform_init_stage_one
                0x000000000000d0a0                platform_init_stage_two
                0x000000000000d0f0                platform_init_stage_three
                0x000000000000d200                platform_main_loop
                0x000000000000d360                log_message
                0x000000000000d380                uip_log
 *fill*         0x000000000000d39d        0x3 
 .text          0x000000000000d3a0       0xc2 build/native///contiki-ng-native.a(clock.o)
                0x000000000000d3a0                clock_time
                0x000000000000d410                clock_seconds
                0x000000000000d450                clock_delay
                0x000000000000d460                clock_init
 *fill*         0x000000000000d462        0xe 
 .text          0x000000000000d470      0x51f build/native///contiki-ng-native.a(tun6-net.o)
 *fill*         0x000000000000d98f        0x1 
 .text          0x000000000000d990       0xc1 build/native///contiki-ng-native.a(rtimer-arch.o)
                0x000000000000d9b0                rtimer_arch_init
                0x000000000000d9d0                rtimer_arch_schedule
 *fill*         0x000000000000da51        0xf 
 .text          0x000000000000da60       0x4e build/native///contiki-ng-native.a(watchdog.o)
                0x000000000000da60                watchdog_init
                0x000000000000da70                watchdog_start
                0x000000000000da80                watchdog_periodic
                0x000000000000da90                watchdog_stop
                0x000000000000daa0                watchdog_reboot
 *fill*         0x000000000000daae        0x2 
 .text          0x000000000000dab0       0xbe build/native///contiki-ng-native.a(stimer.o)
                0x000000000000dab0                stimer_set
                0x000000000000dad0                stimer_reset
                0x000000000000db00                stimer_restart
                0x000000000000db10                stimer_expired
                0x000000000000db40                stimer_remaining
                0x000000000000db60                stimer_elapsed
 *fill*         0x000000000000db6e        0x2 
 .text          0x000000000000db70      0x378 build/native///contiki-ng-native.a(button-hal.o)
                0x000000000000dcc0                button_hal_get_by_id
                0x000000000000dd00                button_hal_get_by_index
                0x000000000000dd30                button_hal_get_state
                0x000000000000de10                button_hal_init
 *fill*         0x000000000000dee8        0x8 
 .text          0x000000000000def0      0x1ce build/native///contiki-ng-native.a(serial-line.o)
                0x000000000000e010                serial_line_input_byte
                0x000000000000e090                serial_line_init
 *fill*         0x000000000000e0be        0x2 
 .text          0x000000000000e0c0       0x83 build/native///contiki-ng-native.a(leds.o)
                0x000000000000e0c0                leds_init
                0x000000000000e0d0                leds_single_on
                0x000000000000e0e0                leds_single_off
                0x000000000000e0f0                leds_single_toggle
                0x000000000000e100                leds_on
                0x000000000000e110                leds_off
                0x000000000000e120                leds_toggle
                0x000000000000e130                leds_set
                0x000000000000e140                leds_get
 *fill*         0x000000000000e143        0xd 
 .text          0x000000000000e150       0xd3 build/native///contiki-ng-native.a(nullradio.o)
 *fill*         0x000000000000e223        0xd 
 .text          0x000000000000e230       0xc4 build/native///contiki-ng-native.a(gpio-hal.o)
                0x000000000000e230                gpio_hal_register_handler
                0x000000000000e240                gpio_hal_event_handler
                0x000000000000e290                gpio_hal_init
                0x000000000000e2b0                gpio_hal_arch_toggle_pin
                0x000000000000e2e0                gpio_hal_arch_toggle_pins
 *fill*         0x000000000000e2f4        0xc 
 .text          0x000000000000e300      0x16b build/native///contiki-ng-native.a(memb.o)
                0x000000000000e300                memb_init
                0x000000000000e330                memb_alloc
                0x000000000000e390                memb_free
                0x000000000000e400                memb_inmemb
                0x000000000000e430                memb_numfree
 *fill*         0x000000000000e46b        0x5 
 .text          0x000000000000e470       0x1e build/native///contiki-ng-native.a(random.o)
                0x000000000000e470                random_init
                0x000000000000e480                random_rand
 *fill*         0x000000000000e48e        0x2 
 .text          0x000000000000e490       0xb1 build/native///contiki-ng-native.a(ringbuf.o)
                0x000000000000e490                ringbuf_init
                0x000000000000e4a0                ringbuf_put
                0x000000000000e4e0                ringbuf_get
                0x000000000000e520                ringbuf_size
                0x000000000000e530                ringbuf_elements
 *fill*         0x000000000000e541        0xf 
 .text          0x000000000000e550      0x6e3 build/native///contiki-ng-native.a(nbr-table.o)
                0x000000000000e5d0                nbr_table_register
                0x000000000000e630                nbr_table_is_registered
                0x000000000000e660                nbr_table_next
                0x000000000000e700                nbr_table_head
                0x000000000000e780                nbr_table_add_lladdr
                0x000000000000ea90                nbr_table_get_from_lladdr
                0x000000000000eaf0                nbr_table_remove
                0x000000000000eb70                nbr_table_lock
                0x000000000000ebb0                nbr_table_unlock
                0x000000000000ebf0                nbr_table_get_lladdr
 *fill*         0x000000000000ec33        0xd 
 .text          0x000000000000ec40      0x3a0 build/native///contiki-ng-native.a(link-stats.o)
                0x000000000000ec80                link_stats_from_lladdr
                0x000000000000ec90                link_stats_get_lladdr
                0x000000000000eca0                link_stats_is_fresh
                0x000000000000ece0                guess_etx_from_rssi
                0x000000000000ed30                link_stats_packet_sent
                0x000000000000ee90                link_stats_input_callback
                0x000000000000ef60                link_stats_reset
                0x000000000000efb0                link_stats_init
 .text          0x000000000000efe0      0x381 build/native///contiki-ng-native.a(uipbuf.o)
                0x000000000000efe0                uipbuf_clear
                0x000000000000f020                uipbuf_add_ext_hdr
                0x000000000000f050                uipbuf_set_len
                0x000000000000f070                uipbuf_set_len_field
                0x000000000000f080                uipbuf_get_len_field
                0x000000000000f090                uipbuf_get_next_header
                0x000000000000f140                uipbuf_get_last_header
                0x000000000000f1c0                uipbuf_search_header
                0x000000000000f280                uipbuf_get_attr
                0x000000000000f2a0                uipbuf_set_attr
                0x000000000000f2c0                uipbuf_set_default_attr
                0x000000000000f2e0                uipbuf_clear_attr
                0x000000000000f300                uipbuf_set_attr_flag
                0x000000000000f310                uipbuf_clr_attr_flag
                0x000000000000f320                uipbuf_is_attr_flag
                0x000000000000f340                uipbuf_init
 *fill*         0x000000000000f361        0xf 
 .text          0x000000000000f370      0x49e build/native///contiki-ng-native.a(uip-icmp6.o)
                0x000000000000f4b0                uip_icmp6_input
                0x000000000000f520                uip_icmp6_register_input_handler
                0x000000000000f530                uip_icmp6_error_output
                0x000000000000f6f0                uip_icmp6_send
                0x000000000000f7a0                uip_icmp6_echo_reply_callback_add
                0x000000000000f7d0                uip_icmp6_echo_reply_callback_rm
                0x000000000000f7e0                uip_icmp6_init
 *fill*         0x000000000000f80e        0x2 
 .text          0x000000000000f810      0x5ab build/native///contiki-ng-native.a(uip-sr.o)
                0x000000000000f870                uip_sr_num_nodes
                0x000000000000f880                uip_sr_get_node
                0x000000000000f8f0                uip_sr_is_addr_reachable
                0x000000000000f9a0                uip_sr_expire_parent
                0x000000000000f9f0                uip_sr_update_node
                0x000000000000fb00                uip_sr_init
                0x000000000000fb30                uip_sr_node_head
                0x000000000000fb40                uip_sr_node_next
                0x000000000000fb50                uip_sr_periodic
                0x000000000000fc20                uip_sr_free_all
                0x000000000000fc80                uip_sr_link_snprint
 *fill*         0x000000000000fdbb        0x5 
 .text          0x000000000000fdc0      0x121 build/native///contiki-ng-native.a(uip-packetqueue)
                0x000000000000fde0                uip_packetqueue_new
                0x000000000000fdf0                uip_packetqueue_alloc
                0x000000000000fe50                uip_packetqueue_free
                0x000000000000fe90                uip_packetqueue_buf
                0x000000000000feb0                uip_packetqueue_buflen
                0x000000000000fed0                uip_packetqueue_set_buflen
 *fill*         0x000000000000fee1        0xf 
 .text          0x000000000000fef0      0xc18 build/native///contiki-ng-native.a(rpl-icmp6.o)
                0x00000000000104d0                rpl_icmp6_update_nbr_table
                0x0000000000010520                rpl_icmp6_dis_output
                0x0000000000010560                rpl_icmp6_dio_output
                0x0000000000010980                rpl_icmp6_dao_output
                0x0000000000010a70                rpl_icmp6_dao_ack_output
                0x0000000000010ad0                rpl_icmp6_init
 *fill*         0x0000000000010b08        0x8 
 .text          0x0000000000010b10      0x883 build/native///contiki-ng-native.a(rpl-neighbor.o)
                0x0000000000010b60                rpl_neighbor_count
                0x0000000000010ba0                rpl_neighbor_get_from_lladdr
                0x0000000000010bb0                rpl_neighbor_is_acceptable_parent
                0x0000000000010be0                rpl_neighbor_get_link_metric
                0x0000000000010c10                rpl_neighbor_rank_via_nbr
                0x0000000000010c40                rpl_neighbor_get_lladdr
                0x0000000000010c50                rpl_neighbor_get_ipaddr
                0x0000000000010c70                rpl_neighbor_get_link_stats
                0x0000000000010d80                rpl_neighbor_snprint
                0x00000000000110e0                rpl_neighbor_print_list
                0x0000000000011170                rpl_neighbor_is_fresh
                0x0000000000011190                rpl_neighbor_is_reachable
                0x00000000000111e0                rpl_neighbor_is_parent
                0x0000000000011200                rpl_neighbor_set_preferred_parent
                0x0000000000011270                rpl_neighbor_remove_all
                0x00000000000112b0                rpl_neighbor_get_from_ipaddr
                0x00000000000112e0                rpl_neighbor_select_best
                0x0000000000011380                rpl_neighbor_init
 *fill*         0x0000000000011393        0xd 
 .text          0x00000000000113a0      0xca5 build/native///contiki-ng-native.a(rpl-dag.o)
                0x00000000000117a0                rpl_dag_state_to_str
                0x00000000000117e0                rpl_dag_get_root_ipaddr
                0x0000000000011810                rpl_dag_leave
                0x0000000000011880                rpl_dag_poison_and_leave
                0x0000000000011890                rpl_dag_periodic
                0x0000000000011910                rpl_is_addr_in_our_dag
                0x0000000000011960                rpl_get_default_instance
                0x0000000000011980                rpl_get_any_dag
                0x00000000000119a0                rpl_refresh_routes
                0x00000000000119d0                rpl_global_repair
                0x0000000000011a00                rpl_local_repair
                0x0000000000011a20                rpl_dag_ready_to_advertise
                0x0000000000011a50                rpl_dag_update_state
                0x0000000000011a70                rpl_process_dio
                0x0000000000011d60                rpl_process_dis
                0x0000000000011da0                rpl_process_dao
                0x0000000000011e20                rpl_process_dao_ack
                0x0000000000011ec0                rpl_process_hbh
                0x0000000000011f20                rpl_dag_init_root
                0x0000000000012030                rpl_dag_init
 *fill*         0x0000000000012045        0xb 
 .text          0x0000000000012050      0x917 build/native///contiki-ng-native.a(rpl-timers.o)
                0x0000000000012300                rpl_timers_schedule_periodic_dis
                0x0000000000012420                rpl_timers_dio_reset
                0x0000000000012460                rpl_timers_schedule_unicast_dio
                0x0000000000012490                rpl_timers_schedule_dao
                0x00000000000124f0                rpl_timers_schedule_dao_ack
                0x0000000000012530                rpl_timers_notify_dao_ack
                0x00000000000125b0                get_probing_delay
                0x00000000000125d0                get_probing_target
                0x0000000000012790                rpl_schedule_probing
                0x00000000000127b0                rpl_schedule_probing_now
                0x0000000000012800                rpl_timers_unschedule_leaving
                0x0000000000012840                rpl_timers_schedule_leaving
                0x0000000000012890                rpl_timers_init
                0x00000000000128c0                rpl_timers_stop_dag_timers
                0x0000000000012920                rpl_timers_unschedule_state_update
                0x0000000000012940                rpl_timers_schedule_state_update
 *fill*         0x0000000000012967        0x9 
 .text          0x0000000000012970      0xb0e build/native///contiki-ng-native.a(rpl-ext-header.)
                0x00000000000129e0                rpl_ext_header_srh_get_next_hop
                0x0000000000012a80                rpl_ext_header_srh_update
                0x0000000000012cd0                rpl_ext_header_hbh_update
                0x0000000000012d90                rpl_ext_header_remove
                0x0000000000012f00                rpl_ext_header_update
 *fill*         0x000000000001347e        0x2 
 .text          0x0000000000013480      0x12e build/native///contiki-ng-native.a(rpl-nbr-policy.)
                0x0000000000013520                rpl_nbr_policy_find_removable
 *fill*         0x00000000000135ae        0x2 
 .text          0x00000000000135b0      0x27d build/native///contiki-ng-native.a(rpl-mrhof.o)
 .text          0x000000000001382d        0x0 build/native///contiki-ng-native.a(buttons.o)
 *fill*         0x000000000001382d        0x3 
 .text          0x0000000000013830       0x4c build/native///contiki-ng-native.a(int-master.o)
                0x0000000000013830                int_master_enable
                0x0000000000013840                int_master_read_and_disable
                0x0000000000013860                int_master_status_set
                0x0000000000013870                int_master_is_enabled
 *fill*         0x000000000001387c        0x4 
 .text          0x0000000000013880      0x1cb build/native///contiki-ng-native.a(gpio-hal-arch.o)
                0x0000000000013880                gpio_hal_arch_init
                0x0000000000013890                gpio_hal_arch_interrupt_enable
                0x00000000000138a0                gpio_hal_arch_interrupt_disable
                0x00000000000138b0                gpio_hal_arch_pin_cfg_set
                0x00000000000138d0                gpio_hal_arch_pin_cfg_get
                0x00000000000138f0                gpio_hal_arch_pin_set_input
                0x0000000000013900                gpio_hal_arch_pin_set_output
                0x0000000000013910                gpio_hal_arch_set_pin
                0x0000000000013930                gpio_hal_arch_clear_pin
                0x0000000000013950                gpio_hal_arch_read_pin
                0x0000000000013970                gpio_hal_arch_write_pin
                0x0000000000013990                gpio_hal_arch_set_pins
                0x00000000000139c0                gpio_hal_arch_clear_pins
                0x00000000000139f0                gpio_hal_arch_read_pins
                0x0000000000013a20                gpio_hal_arch_write_pins
 *fill*         0x0000000000013a4b        0x5 
 .text          0x0000000000013a50       0x72 /usr/lib/x86_64-linux-gnu/libc_nonshared.a(elf-init.oS)
                0x0000000000013a50                __libc_csu_init
                0x0000000000013ac0                __libc_csu_fini
 *fill*         0x0000000000013ac2        0xe 
 .text          0x0000000000013ad0        0xe /usr/lib/x86_64-linux-gnu/libc_nonshared.a(atexit.oS)
                0x0000000000013ad0                atexit
 .text          0x0000000000013ade        0x0 /usr/lib/gcc/x86_64-linux-gnu/7/crtendS.o
 .text          0x0000000000013ade        0x0 /usr/lib/gcc/x86_64-linux-gnu/7/../../../x86_64-linux-gnu/crtn.o
 *(.gnu.warning)

.fini           0x0000000000013ae0        0x9
 *(SORT_NONE(.fini))
 .fini          0x0000000000013ae0        0x4 /usr/lib/gcc/x86_64-linux-gnu/7/../../../x86_64-linux-gnu/crti.o
                0x0000000000013ae0                _fini
 .fini          0x0000000000013ae4        0x5 /usr/lib/gcc/x86_64-linux-gnu/7/../../../x86_64-linux-gnu/crtn.o
                [!provide]                        PROVIDE (__etext = .)
                [!provide]                        PROVIDE (_etext = .)
                [!provide]                        PROVIDE (etext = .)

.rodata         0x0000000000013af0      0x569
 *(.rodata .rodata.* .gnu.linkonce.r.*)
 .rodata.cst4   0x0000000000013af0        0x4 /usr/lib/gcc/x86_64-linux-gnu/7/../../../x86_64-linux-gnu/Scrt1.o
                0x0000000000013af0                _IO_stdin_used
 .rodata.str1.1
                0x0000000000013af4       0x2a demo-counter.o
 .rodata.str1.1
                0x0000000000013b1e       0x7a build/native///contiki-ng-native.a(contiki-main.o)
 .rodata.str1.8
                0x0000000000013b98       0x74 build/native///contiki-ng-native.a(contiki-main.o)
 .rodata.str1.1
                0x0000000000013c0c        0xc build/native///contiki-ng-native.a(etimer.o)
 .rodata.str1.1
                0x0000000000013c18       0xa0 build/native///contiki-ng-native.a(log.o)
                                         0xa7 (size before relaxing)
 .rodata        0x0000000000013cb8       0x14 build/native///contiki-ng-native.a(log.o)
 .rodata.str1.1
                0x0000000000013ccc        0xf build/native///contiki-ng-native.a(ctimer.o)
 *fill*         0x0000000000013cdb        0x5 
 .rodata        0x0000000000013ce0        0x8 build/native///contiki-ng-native.a(linkaddr.o)
                0x0000000000013ce0                linkaddr_null
 .rodata.str1.1
                0x0000000000013ce8        0x8 build/native///contiki-ng-native.a(nullmac.o)
 .rodata.str1.1
                0x0000000000013cf0       0x28 build/native///contiki-ng-native.a(uiplib.o)
                                         0x2d (size before relaxing)
 .rodata.str1.1
                0x0000000000013d18        0xd build/native///contiki-ng-native.a(tcpip.o)
 .rodata.str1.1
                0x0000000000013d25        0x9 build/native///contiki-ng-native.a(rpl.o)
 .rodata.str1.1
                0x0000000000013d2e       0x2f build/native///contiki-ng-native.a(platform.o)
                                         0x47 (size before relaxing)
 *fill*         0x0000000000013d5d        0x3 
 .rodata        0x0000000000013d60        0x8 build/native///contiki-ng-native.a(platform.o)
 .rodata.str1.1
                0x0000000000013d68       0xa6 build/native///contiki-ng-native.a(tun6-net.o)
                                         0xb9 (size before relaxing)
 *fill*         0x0000000000013e0e        0x2 
 .rodata.str1.8
                0x0000000000013e10       0xc7 build/native///contiki-ng-native.a(tun6-net.o)
 .rodata.str1.1
                0x0000000000013ed7       0x13 build/native///contiki-ng-native.a(button-hal.o)
 .rodata.str1.1
                0x0000000000013eea        0xe build/native///contiki-ng-native.a(serial-line.o)
 .rodata.str1.1
                0x0000000000013ef8       0x44 build/native///contiki-ng-native.a(uip-sr.o)
 *fill*         0x0000000000013f3c        0x4 
 .rodata.str1.8
                0x0000000000013f40       0x28 build/native///contiki-ng-native.a(rpl-neighbor.o)
                                         0x22 (size before relaxing)
 .rodata.str1.1
                0x0000000000013f68       0x34 build/native///contiki-ng-native.a(rpl-neighbor.o)
                                         0x36 (size before relaxing)
 .rodata.str1.1
                0x0000000000013f9c       0xb0 build/native///contiki-ng-native.a(rpl-dag.o)
 .rodata.str1.1
                0x000000000001404c        0xc build/native///contiki-ng-native.a(rpl-timers.o)
 .rodata        0x0000000000014058        0x1 build/native///contiki-ng-native.a(buttons.o)
                0x0000000000014058                button_hal_button_count

.rodata1
 *(.rodata1)

.eh_frame_hdr   0x000000000001405c      0xfc4
 *(.eh_frame_hdr)
 .eh_frame_hdr  0x000000000001405c      0xfc4 /usr/lib/gcc/x86_64-linux-gnu/7/../../../x86_64-linux-gnu/Scrt1.o
                0x000000000001405c                __GNU_EH_FRAME_HDR
 *(.eh_frame_entry .eh_frame_entry.*)

.eh_frame       0x0000000000015020     0x3be8
 *(.eh_frame)
 .eh_frame      0x0000000000015020       0x30 /usr/lib/gcc/x86_64-linux-gnu/7/../../../x86_64-linux-gnu/Scrt1.o
                                         0x2c (size before relaxing)
 *fill*         0x0000000000015050        0x0 
 .eh_frame      0x0000000000015050       0x40 /usr/lib/gcc/x86_64-linux-gnu/7/../../../x86_64-linux-gnu/Scrt1.o
 .eh_frame      0x0000000000015090       0x18 /usr/lib/gcc/x86_64-linux-gnu/7/../../../x86_64-linux-gnu/Scrt1.o
                                         0x30 (size before relaxing)
 .eh_frame      0x00000000000150a8       0x28 demo-counter.o
                                         0x40 (size before relaxing)
 .eh_frame      0x00000000000150d0       0x18 build/native///obj/mycounter.o
                                         0x30 (size before relaxing)
 .eh_frame      0x00000000000150e8       0x20 build/native///contiki-ng-native.a(contiki-main.o)
                                         0x38 (size before relaxing)
 .eh_frame      0x0000000000015108       0x38 build/native///contiki-ng-native.a(autostart.o)
                                         0x50 (size before relaxing)
 .eh_frame      0x0000000000015140       0x40 build/native///contiki-ng-native.a(energest.o)
                                         0x58 (size before relaxing)
 .eh_frame      0x0000000000015180      0x1b0 build/native///contiki-ng-native.a(etimer.o)
                                        0x1c8 (size before relaxing)
 .eh_frame      0x0000000000015330      0x170 build/native///contiki-ng-native.a(log.o)
                                        0x188 (size before relaxing)
 .eh_frame      0x00000000000154a0      0x118 build/native///contiki-ng-native.a(ctimer.o)
                                        0x130 (size before relaxing)
 .eh_frame      0x00000000000155b8       0x50 build/native///contiki-ng-native.a(rtimer.o)
                                         0x68 (size before relaxing)
 .eh_frame      0x0000000000015608       0x18 build/native///contiki-ng-native.a(node-id.o)
                                         0x30 (size before relaxing)
 .eh_frame      0x0000000000015620      0x188 build/native///contiki-ng-native.a(process.o)
                                        0x1a0 (size before relaxing)
 .eh_frame      0x00000000000157a8       0x90 build/native///contiki-ng-native.a(timer.o)
                                         0xa8 (size before relaxing)
 .eh_frame      0x0000000000015838      0x108 build/native///contiki-ng-native.a(list.o)
                                        0x120 (size before relaxing)
 .eh_frame      0x0000000000015940      0x138 build/native///contiki-ng-native.a(queuebuf.o)
                                        0x150 (size before relaxing)
 .eh_frame      0x0000000000015a78      0x1c0 build/native///contiki-ng-native.a(packetbuf.o)
                                        0x1d8 (size before relaxing)
 .eh_frame      0x0000000000015c38       0x78 build/native///contiki-ng-native.a(netstack.o)
                                         0x90 (size before relaxing)
 .eh_frame      0x0000000000015cb0       0x40 build/native///contiki-ng-native.a(linkaddr.o)
                                         0x58 (size before relaxing)
 .eh_frame      0x0000000000015cf0       0x78 build/native///contiki-ng-native.a(nullmac.o)
                                         0x90 (size before relaxing)
 .eh_frame      0x0000000000015d68      0x3b8 build/native///contiki-ng-native.a(uip-ds6.o)
                                        0x3d0 (size before relaxing)
 .eh_frame      0x0000000000016120       0xc8 build/native///contiki-ng-native.a(uiplib.o)
                                         0xe0 (size before relaxing)
 .eh_frame      0x00000000000161e8      0x138 build/native///contiki-ng-native.a(tcpip.o)
                                        0x150 (size before relaxing)
 .eh_frame      0x0000000000016320      0x1b0 build/native///contiki-ng-native.a(uip-ds6-route.o)
                                        0x1c8 (size before relaxing)
 .eh_frame      0x00000000000164d0      0x1b8 build/native///contiki-ng-native.a(uip-ds6-nbr.o)
                                        0x1d0 (size before relaxing)
 .eh_frame      0x0000000000016688      0x1c0 build/native///contiki-ng-native.a(uip6.o)
                                        0x1d8 (size before relaxing)
 .eh_frame      0x0000000000016848       0x60 build/native///contiki-ng-native.a(uip-nd6.o)
                                         0x78 (size before relaxing)
 .eh_frame      0x00000000000168a8      0x1b0 build/native///contiki-ng-native.a(rpl.o)
                                        0x1c8 (size before relaxing)
 .eh_frame      0x0000000000016a58       0xa8 build/native///contiki-ng-native.a(rpl-dag-root.o)
                                         0xc0 (size before relaxing)
 .eh_frame      0x0000000000016b00      0x118 build/native///contiki-ng-native.a(platform.o)
                                        0x130 (size before relaxing)
 .eh_frame      0x0000000000016c18       0x60 build/native///contiki-ng-native.a(clock.o)
                                         0x78 (size before relaxing)
 .eh_frame      0x0000000000016c78      0x100 build/native///contiki-ng-native.a(tun6-net.o)
                                        0x118 (size before relaxing)
 .eh_frame      0x0000000000016d78       0x50 build/native///contiki-ng-native.a(rtimer-arch.o)
                                         0x68 (size before relaxing)
 .eh_frame      0x0000000000016dc8       0x68 build/native///contiki-ng-native.a(watchdog.o)
                                         0x80 (size before relaxing)
 .eh_frame      0x0000000000016e30       0xa8 build/native///contiki-ng-native.a(stimer.o)
                                         0xc0 (size before relaxing)
 .eh_frame      0x0000000000016ed8      0x138 build/native///contiki-ng-native.a(button-hal.o)
                                        0x150 (size before relaxing)
 .eh_frame      0x0000000000017010       0x80 build/native///contiki-ng-native.a(serial-line.o)
                                         0x98 (size before relaxing)
 .eh_frame      0x0000000000017090       0xb8 build/native///contiki-ng-native.a(leds.o)
                                         0xd0 (size before relaxing)
 .eh_frame      0x0000000000017148      0x118 build/native///contiki-ng-native.a(nullradio.o)
                                        0x130 (size before relaxing)
 .eh_frame      0x0000000000017260       0x90 build/native///contiki-ng-native.a(gpio-hal.o)
                                         0xa8 (size before relaxing)
 .eh_frame      0x00000000000172f0       0x70 build/native///contiki-ng-native.a(memb.o)
                                         0x88 (size before relaxing)
 .eh_frame      0x0000000000017360       0x30 build/native///contiki-ng-native.a(random.o)
                                         0x48 (size before relaxing)
 .eh_frame      0x0000000000017390       0x68 build/native///contiki-ng-native.a(ringbuf.o)
                                         0x80 (size before relaxing)
 .eh_frame      0x00000000000173f8      0x180 build/native///contiki-ng-native.a(nbr-table.o)
                                        0x198 (size before relaxing)
 .eh_frame      0x0000000000017578      0x130 build/native///contiki-ng-native.a(link-stats.o)
                                        0x148 (size before relaxing)
 .eh_frame      0x00000000000176a8      0x150 build/native///contiki-ng-native.a(uipbuf.o)
                                        0x168 (size before relaxing)
 .eh_frame      0x00000000000177f8      0x178 build/native///contiki-ng-native.a(uip-icmp6.o)
                                        0x190 (size before relaxing)
 .eh_frame      0x0000000000017970      0x210 build/native///contiki-ng-native.a(uip-sr.o)
                                        0x228 (size before relaxing)
 .eh_frame      0x0000000000017b80       0xb8 build/native///contiki-ng-native.a(uip-packetqueue)
                                         0xd0 (size before relaxing)
 .eh_frame      0x0000000000017c38      0x1f0 build/native///contiki-ng-native.a(rpl-icmp6.o)
                                        0x208 (size before relaxing)
 .eh_frame      0x0000000000017e28      0x288 build/native///contiki-ng-native.a(rpl-neighbor.o)
                                        0x2a0 (size before relaxing)
 .eh_frame      0x00000000000180b0      0x340 build/native///contiki-ng-native.a(rpl-dag.o)
                                        0x358 (size before relaxing)
 .eh_frame      0x00000000000183f0      0x338 build/native///contiki-ng-native.a(rpl-timers.o)
                                        0x350 (size before relaxing)
 .eh_frame      0x0000000000018728      0x148 build/native///contiki-ng-native.a(rpl-ext-header.)
                                        0x160 (size before relaxing)
 .eh_frame      0x0000000000018870       0x50 build/native///contiki-ng-native.a(rpl-nbr-policy.)
                                         0x68 (size before relaxing)
 .eh_frame      0x00000000000188c0      0x150 build/native///contiki-ng-native.a(rpl-mrhof.o)
                                        0x168 (size before relaxing)
 .eh_frame      0x0000000000018a10       0x50 build/native///contiki-ng-native.a(int-master.o)
                                         0x68 (size before relaxing)
 .eh_frame      0x0000000000018a60      0x130 build/native///contiki-ng-native.a(gpio-hal-arch.o)
                                        0x148 (size before relaxing)
 .eh_frame      0x0000000000018b90       0x60 /usr/lib/x86_64-linux-gnu/libc_nonshared.a(elf-init.oS)
                                         0x78 (size before relaxing)
 .eh_frame      0x0000000000018bf0       0x14 /usr/lib/x86_64-linux-gnu/libc_nonshared.a(atexit.oS)
                                         0x30 (size before relaxing)
 .eh_frame      0x0000000000018c04        0x4 /usr/lib/gcc/x86_64-linux-gnu/7/crtendS.o
 *(.eh_frame.*)

.gcc_except_table
 *(.gcc_except_table .gcc_except_table.*)

.gnu_extab
 *(.gnu_extab*)

.exception_ranges
 *(.exception_ranges .exception_ranges*)
                0x0000000000219a90                . = DATA_SEGMENT_ALIGN (CONSTANT (MAXPAGESIZE), CONSTANT (COMMONPAGESIZE))

.eh_frame
 *(.eh_frame)
 *(.eh_frame.*)

.gnu_extab
 *(.gnu_extab)

.gcc_except_table
 *(.gcc_except_table .gcc_except_table.*)

.exception_ranges
 *(.exception_ranges .exception_ranges*)

.tdata
 *(.tdata .tdata.* .gnu.linkonce.td.*)

.tbss
 *(.tbss .tbss.* .gnu.linkonce.tb.*)
 *(.tcommon)

.preinit_array  0x0000000000219a90        0x0
                [!provide]                        PROVIDE (__preinit_array_start = .)
 *(.preinit_array)
                [!provide]                        PROVIDE (__preinit_array_end = .)

.init_array     0x0000000000219a90        0x8
                0x0000000000219a90                PROVIDE (__init_array_start = .)
 *(SORT_BY_INIT_PRIORITY(.init_array.*) SORT_BY_INIT_PRIORITY(.ctors.*))
 *(.init_array EXCLUDE_FILE(*crtend?.o *crtend.o *crtbegin?.o *crtbegin.o) .ctors)
 .init_array    0x0000000000219a90        0x8 /usr/lib/gcc/x86_64-linux-gnu/7/crtbeginS.o
                0x0000000000219a98                PROVIDE (__init_array_end = .)

.fini_array     0x0000000000219a98        0x8
                [!provide]                        PROVIDE (__fini_array_start = .)
 *(SORT_BY_INIT_PRIORITY(.fini_array.*) SORT_BY_INIT_PRIORITY(.dtors.*))
 *(.fini_array EXCLUDE_FILE(*crtend?.o *crtend.o *crtbegin?.o *crtbegin.o) .dtors)
 .fini_array    0x0000000000219a98        0x8 /usr/lib/gcc/x86_64-linux-gnu/7/crtbeginS.o
                [!provide]                        PROVIDE (__fini_array_end = .)

.ctors
 *crtbegin.o(.ctors)
 *crtbegin?.o(.ctors)
 *(EXCLUDE_FILE(*crtend?.o *crtend.o) .ctors)
 *(SORT_BY_NAME(.ctors.*))
 *(.ctors)

.dtors
 *crtbegin.o(.dtors)
 *crtbegin?.o(.dtors)
 *(EXCLUDE_FILE(*crtend?.o *crtend.o) .dtors)
 *(SORT_BY_NAME(.dtors.*))
 *(.dtors)

.jcr
 *(.jcr)

.data.rel.ro    0x0000000000219aa0      0x1e0
 *(.data.rel.ro.local* .gnu.linkonce.d.rel.ro.local.*)
 .data.rel.ro.local
                0x0000000000219aa0       0x10 demo-counter.o
                0x0000000000219aa0                autostart_processes
 *fill*         0x0000000000219ab0       0x10 
 .data.rel.ro.local
                0x0000000000219ac0       0x38 build/native///contiki-ng-native.a(nullmac.o)
                0x0000000000219ac0                nullmac_driver
 *fill*         0x0000000000219af8        0x8 
 .data.rel.ro.local
                0x0000000000219b00       0x10 build/native///contiki-ng-native.a(platform.o)
 *fill*         0x0000000000219b10       0x10 
 .data.rel.ro.local
                0x0000000000219b20       0x30 build/native///contiki-ng-native.a(tun6-net.o)
                0x0000000000219b20                tun6_net_driver
 *fill*         0x0000000000219b50       0x10 
 .data.rel.ro.local
                0x0000000000219b60       0x70 build/native///contiki-ng-native.a(nullradio.o)
                0x0000000000219b60                nullradio_driver
 *(.data.rel.ro .data.rel.ro.* .gnu.linkonce.d.rel.ro.*)
 .data.rel.ro   0x0000000000219bd0        0x0 /usr/lib/gcc/x86_64-linux-gnu/7/../../../x86_64-linux-gnu/Scrt1.o
 *fill*         0x0000000000219bd0       0x10 
 .data.rel.ro   0x0000000000219be0       0xa0 build/native///contiki-ng-native.a(rpl.o)
                0x0000000000219be0                rpl_lite_driver

.dynamic        0x0000000000219c80      0x200
 *(.dynamic)
 .dynamic       0x0000000000219c80      0x200 /usr/lib/gcc/x86_64-linux-gnu/7/../../../x86_64-linux-gnu/Scrt1.o
                0x0000000000219c80                _DYNAMIC

.got            0x0000000000219e80      0x168
 *(.got.plt)
 .got.plt       0x0000000000219e80      0x140 /usr/lib/gcc/x86_64-linux-gnu/7/../../../x86_64-linux-gnu/Scrt1.o
                0x0000000000219e80                _GLOBAL_OFFSET_TABLE_
 *(.igot.plt)
 *(.got)
 .got           0x0000000000219fc0       0x28 /usr/lib/gcc/x86_64-linux-gnu/7/../../../x86_64-linux-gnu/Scrt1.o
 *(.igot)
                0x000000000021a000                . = DATA_SEGMENT_RELRO_END (., 0x0)

.data           0x000000000021a000      0x4e8
 *(.data .data.* .gnu.linkonce.d.*)
 .data          0x000000000021a000        0x4 /usr/lib/gcc/x86_64-linux-gnu/7/../../../x86_64-linux-gnu/Scrt1.o
                0x000000000021a000                data_start
                0x000000000021a000                __data_start
 .data          0x000000000021a004        0x0 /usr/lib/gcc/x86_64-linux-gnu/7/../../../x86_64-linux-gnu/crti.o
 .data          0x000000000021a004        0x0 /usr/lib/gcc/x86_64-linux-gnu/7/crtbeginS.o
 *fill*         0x000000000021a004        0x4 
 .data.rel.local
                0x000000000021a008        0x8 /usr/lib/gcc/x86_64-linux-gnu/7/crtbeginS.o
                0x000000000021a008                __dso_handle
 .data          0x000000000021a010        0x0 demo-counter.o
 *fill*         0x000000000021a010       0x10 
 .data.rel.local
                0x000000000021a020       0x20 demo-counter.o
                0x000000000021a020                counter_process
 .data          0x000000000021a040        0x0 build/native///obj/mycounter.o
 .data          0x000000000021a040        0x0 build/native///contiki-ng-native.a(contiki-main.o)
 .data          0x000000000021a040        0x0 build/native///contiki-ng-native.a(autostart.o)
 .data          0x000000000021a040        0x0 build/native///contiki-ng-native.a(energest.o)
 .data          0x000000000021a040        0x0 build/native///contiki-ng-native.a(etimer.o)
 .data.rel.local
                0x000000000021a040       0x20 build/native///contiki-ng-native.a(etimer.o)
                0x000000000021a040                etimer_process
 .data          0x000000000021a060        0x4 build/native///contiki-ng-native.a(log.o)
                0x000000000021a060                curr_log_level_main
 *fill*         0x000000000021a064       0x1c 
 .data.rel.local
                0x000000000021a080      0x120 build/native///contiki-ng-native.a(log.o)
                0x000000000021a080                all_modules
 .data          0x000000000021a1a0        0x0 build/native///contiki-ng-native.a(ctimer.o)
 .data.rel.local
                0x000000000021a1a0       0x20 build/native///contiki-ng-native.a(ctimer.o)
                0x000000000021a1a0                ctimer_process
 .data          0x000000000021a1c0        0x0 build/native///contiki-ng-native.a(rtimer.o)
 .data          0x000000000021a1c0        0x0 build/native///contiki-ng-native.a(node-id.o)
 .data          0x000000000021a1c0        0x0 build/native///contiki-ng-native.a(process.o)
 .data          0x000000000021a1c0        0x0 build/native///contiki-ng-native.a(timer.o)
 .data          0x000000000021a1c0        0x0 build/native///contiki-ng-native.a(list.o)
 .data          0x000000000021a1c0        0x0 build/native///contiki-ng-native.a(queuebuf.o)
 .data.rel.local
                0x000000000021a1c0       0x38 build/native///contiki-ng-native.a(queuebuf.o)
 .data          0x000000000021a1f8        0x0 build/native///contiki-ng-native.a(packetbuf.o)
 .data          0x000000000021a1f8        0x0 build/native///contiki-ng-native.a(netstack.o)
 .data          0x000000000021a1f8        0x0 build/native///contiki-ng-native.a(linkaddr.o)
 .data          0x000000000021a1f8        0x0 build/native///contiki-ng-native.a(nullmac.o)
 .data          0x000000000021a1f8        0x0 build/native///contiki-ng-native.a(uip-ds6.o)
 .data          0x000000000021a1f8        0x0 build/native///contiki-ng-native.a(uiplib.o)
 .data          0x000000000021a1f8        0x0 build/native///contiki-ng-native.a(tcpip.o)
 *fill*         0x000000000021a1f8        0x8 
 .data.rel.local
                0x000000000021a200       0x20 build/native///contiki-ng-native.a(tcpip.o)
                0x000000000021a200                tcpip_process
 .data          0x000000000021a220        0x0 build/native///contiki-ng-native.a(uip-ds6-route.o)
 .data.rel.local
                0x000000000021a220       0x18 build/native///contiki-ng-native.a(uip-ds6-route.o)
 .data          0x000000000021a238        0x0 build/native///contiki-ng-native.a(uip-ds6-nbr.o)
 *fill*         0x000000000021a238        0x8 
 .data.rel.local
                0x000000000021a240       0x18 build/native///contiki-ng-native.a(uip-ds6-nbr.o)
 .data          0x000000000021a258        0x0 build/native///contiki-ng-native.a(uip6.o)
 .data          0x000000000021a258        0x0 build/native///contiki-ng-native.a(uip-nd6.o)
 *fill*         0x000000000021a258        0x8 
 .data.rel.local
                0x000000000021a260       0x18 build/native///contiki-ng-native.a(uip-nd6.o)
 .data          0x000000000021a278        0x0 build/native///contiki-ng-native.a(rpl.o)
 .data          0x000000000021a278        0x0 build/native///contiki-ng-native.a(rpl-dag-root.o)
 .data          0x000000000021a278        0x0 build/native///contiki-ng-native.a(platform.o)
 .data          0x000000000021a278        0x0 build/native///contiki-ng-native.a(clock.o)
 *fill*         0x000000000021a278        0x8 
 .data          0x000000000021a280       0x60 build/native///contiki-ng-native.a(tun6-net.o)
 .data          0x000000000021a2e0        0x0 build/native///contiki-ng-native.a(rtimer-arch.o)
 .data          0x000000000021a2e0        0x0 build/native///contiki-ng-native.a(watchdog.o)
 .data          0x000000000021a2e0        0x0 build/native///contiki-ng-native.a(stimer.o)
 .data          0x000000000021a2e0        0x0 build/native///contiki-ng-native.a(button-hal.o)
 .data.rel.local
                0x000000000021a2e0       0x20 build/native///contiki-ng-native.a(button-hal.o)
                0x000000000021a2e0                button_hal_process
 .data          0x000000000021a300        0x0 build/native///contiki-ng-native.a(serial-line.o)
 .data.rel.local
                0x000000000021a300       0x20 build/native///contiki-ng-native.a(serial-line.o)
                0x000000000021a300                serial_line_process
 .data          0x000000000021a320        0x0 build/native///contiki-ng-native.a(leds.o)
 .data          0x000000000021a320        0x0 build/native///contiki-ng-native.a(nullradio.o)
 .data          0x000000000021a320        0x0 build/native///contiki-ng-native.a(gpio-hal.o)
 .data          0x000000000021a320        0x0 build/native///contiki-ng-native.a(memb.o)
 .data          0x000000000021a320        0x0 build/native///contiki-ng-native.a(random.o)
 .data          0x000000000021a320        0x0 build/native///contiki-ng-native.a(ringbuf.o)
 .data          0x000000000021a320        0x0 build/native///contiki-ng-native.a(nbr-table.o)
 .data.rel.local
                0x000000000021a320       0x18 build/native///contiki-ng-native.a(nbr-table.o)
 .data          0x000000000021a338        0x0 build/native///contiki-ng-native.a(link-stats.o)
 *fill*         0x000000000021a338        0x8 
 .data.rel.local
                0x000000000021a340       0x18 build/native///contiki-ng-native.a(link-stats.o)
 .data          0x000000000021a358        0x0 build/native///contiki-ng-native.a(uipbuf.o)
 .data          0x000000000021a358        0x0 build/native///contiki-ng-native.a(uip-icmp6.o)
 *fill*         0x000000000021a358        0x8 
 .data.rel.local
                0x000000000021a360       0x38 build/native///contiki-ng-native.a(uip-icmp6.o)
 .data          0x000000000021a398        0x0 build/native///contiki-ng-native.a(uip-sr.o)
 *fill*         0x000000000021a398        0x8 
 .data.rel.local
                0x000000000021a3a0       0x18 build/native///contiki-ng-native.a(uip-sr.o)
 .data          0x000000000021a3b8        0x0 build/native///contiki-ng-native.a(uip-packetqueue)
 *fill*         0x000000000021a3b8        0x8 
 .data.rel.local
                0x000000000021a3c0       0x18 build/native///contiki-ng-native.a(uip-packetqueue)
 .data          0x000000000021a3d8        0x0 build/native///contiki-ng-native.a(rpl-icmp6.o)
 *fill*         0x000000000021a3d8        0x8 
 .data.rel.local
                0x000000000021a3e0       0x78 build/native///contiki-ng-native.a(rpl-icmp6.o)
 .data          0x000000000021a458        0x0 build/native///contiki-ng-native.a(rpl-neighbor.o)
 *fill*         0x000000000021a458        0x8 
 .data.rel.local
                0x000000000021a460       0x28 build/native///contiki-ng-native.a(rpl-neighbor.o)
                0x000000000021a460                rpl_neighbors
 .data          0x000000000021a488        0x0 build/native///contiki-ng-native.a(rpl-dag.o)
 .data          0x000000000021a488        0x0 build/native///contiki-ng-native.a(rpl-timers.o)
 .data          0x000000000021a488        0x0 build/native///contiki-ng-native.a(rpl-ext-header.)
 .data          0x000000000021a488        0x0 build/native///contiki-ng-native.a(rpl-nbr-policy.)
 .data          0x000000000021a488        0x0 build/native///contiki-ng-native.a(rpl-mrhof.o)
 *fill*         0x000000000021a488       0x18 
 .data.rel.local
                0x000000000021a4a0       0x48 build/native///contiki-ng-native.a(rpl-mrhof.o)
                0x000000000021a4a0                rpl_mrhof
 .data          0x000000000021a4e8        0x0 build/native///contiki-ng-native.a(buttons.o)
 .data          0x000000000021a4e8        0x0 build/native///contiki-ng-native.a(int-master.o)
 .data          0x000000000021a4e8        0x0 build/native///contiki-ng-native.a(gpio-hal-arch.o)
 .data          0x000000000021a4e8        0x0 /usr/lib/x86_64-linux-gnu/libc_nonshared.a(elf-init.oS)
 .data          0x000000000021a4e8        0x0 /usr/lib/x86_64-linux-gnu/libc_nonshared.a(atexit.oS)
 .data          0x000000000021a4e8        0x0 /usr/lib/gcc/x86_64-linux-gnu/7/crtendS.o
 .data          0x000000000021a4e8        0x0 /usr/lib/gcc/x86_64-linux-gnu/7/../../../x86_64-linux-gnu/crtn.o

.tm_clone_table
                0x000000000021a4e8        0x0
 .tm_clone_table
                0x000000000021a4e8        0x0 /usr/lib/gcc/x86_64-linux-gnu/7/crtbeginS.o
 .tm_clone_table
                0x000000000021a4e8        0x0 /usr/lib/gcc/x86_64-linux-gnu/7/crtendS.o

.data1
 *(.data1)
                0x000000000021a4e8                _edata = .
                [!provide]                        PROVIDE (edata = .)
                0x000000000021a4e8                . = .
                0x000000000021a4e8                __bss_start = .

.bss            0x000000000021a500     0xe040
 *(.dynbss)
 .dynbss        0x000000000021a500       0x28 /usr/lib/gcc/x86_64-linux-gnu/7/../../../x86_64-linux-gnu/Scrt1.o
                0x000000000021a500                stdout@@GLIBC_2.2.5
                0x000000000021a520                stderr@@GLIBC_2.2.5
 *(.bss .bss.* .gnu.linkonce.b.*)
 .bss           0x000000000021a528        0x0 /usr/lib/gcc/x86_64-linux-gnu/7/../../../x86_64-linux-gnu/Scrt1.o
 .bss           0x000000000021a528        0x0 /usr/lib/gcc/x86_64-linux-gnu/7/../../../x86_64-linux-gnu/crti.o
 .bss           0x000000000021a528        0x1 /usr/lib/gcc/x86_64-linux-gnu/7/crtbeginS.o
 *fill*         0x000000000021a529       0x17 
 .bss           0x000000000021a540       0x40 demo-counter.o
 .bss           0x000000000021a580        0x0 build/native///obj/mycounter.o
 .bss           0x000000000021a580        0x0 build/native///contiki-ng-native.a(contiki-main.o)
 .bss           0x000000000021a580        0x0 build/native///contiki-ng-native.a(autostart.o)
 .bss           0x000000000021a580        0x0 build/native///contiki-ng-native.a(energest.o)
 .bss           0x000000000021a580       0x10 build/native///contiki-ng-native.a(etimer.o)
 .bss           0x000000000021a590       0x28 build/native///contiki-ng-native.a(log.o)
                0x000000000021a590                curr_log_level_lwm2m
                0x000000000021a594                curr_log_level_coap
                0x000000000021a598                curr_log_level_6top
                0x000000000021a59c                curr_log_level_framer
                0x000000000021a5a0                curr_log_level_mac
                0x000000000021a5a4                curr_log_level_nullnet
                0x000000000021a5a8                curr_log_level_6lowpan
                0x000000000021a5ac                curr_log_level_ipv6
                0x000000000021a5b0                curr_log_level_tcpip
                0x000000000021a5b4                curr_log_level_rpl
 .bss           0x000000000021a5b8       0x10 build/native///contiki-ng-native.a(ctimer.o)
 .bss           0x000000000021a5c8        0x8 build/native///contiki-ng-native.a(rtimer.o)
 .bss           0x000000000021a5d0        0x2 build/native///contiki-ng-native.a(node-id.o)
                0x000000000021a5d0                node_id
 *fill*         0x000000000021a5d2        0xe 
 .bss           0x000000000021a5e0      0x323 build/native///contiki-ng-native.a(process.o)
                0x000000000021a5e0                process_current
                0x000000000021a5e8                process_list
 .bss           0x000000000021a903        0x0 build/native///contiki-ng-native.a(timer.o)
 .bss           0x000000000021a903        0x0 build/native///contiki-ng-native.a(list.o)
 *fill*         0x000000000021a903       0x1d 
 .bss           0x000000000021a920     0x2d80 build/native///contiki-ng-native.a(queuebuf.o)
 .bss           0x000000000021d6a0       0x86 build/native///contiki-ng-native.a(packetbuf.o)
 *fill*         0x000000000021d726        0x2 
 .bss           0x000000000021d728        0x8 build/native///contiki-ng-native.a(netstack.o)
 .bss           0x000000000021d730        0x0 build/native///contiki-ng-native.a(linkaddr.o)
 .bss           0x000000000021d730        0x0 build/native///contiki-ng-native.a(nullmac.o)
 .bss           0x000000000021d730       0x40 build/native///contiki-ng-native.a(uip-ds6.o)
 .bss           0x000000000021d770        0x0 build/native///contiki-ng-native.a(uiplib.o)
 *fill*         0x000000000021d770       0x10 
 .bss           0x000000000021d780       0x20 build/native///contiki-ng-native.a(tcpip.o)
 .bss           0x000000000021d7a0       0x70 build/native///contiki-ng-native.a(uip-ds6-route.o)
 *fill*         0x000000000021d810       0x10 
 .bss           0x000000000021d820     0x2580 build/native///contiki-ng-native.a(uip-ds6-nbr.o)
 .bss           0x000000000021fda0        0x6 build/native///contiki-ng-native.a(uip6.o)
                0x000000000021fda0                uip_last_proto
                0x000000000021fda1                uip_ext_len
                0x000000000021fda2                uip_ext_bitmap
 *fill*         0x000000000021fda6        0x2 
 .bss           0x000000000021fda8       0x19 build/native///contiki-ng-native.a(uip-nd6.o)
 .bss           0x000000000021fdc1        0x1 build/native///contiki-ng-native.a(rpl.o)
 *fill*         0x000000000021fdc2        0xe 
 .bss           0x000000000021fdd0       0x11 build/native///contiki-ng-native.a(rpl-dag-root.o)
 *fill*         0x000000000021fde1       0x1f 
 .bss           0x000000000021fe00       0x60 build/native///contiki-ng-native.a(platform.o)
                0x000000000021fe00                contiki_argc
 .bss           0x000000000021fe60        0x0 build/native///contiki-ng-native.a(clock.o)
 .bss           0x000000000021fe60        0x0 build/native///contiki-ng-native.a(tun6-net.o)
 .bss           0x000000000021fe60        0x0 build/native///contiki-ng-native.a(rtimer-arch.o)
 .bss           0x000000000021fe60        0x0 build/native///contiki-ng-native.a(watchdog.o)
 .bss           0x000000000021fe60        0x0 build/native///contiki-ng-native.a(stimer.o)
 .bss           0x000000000021fe60       0x1c build/native///contiki-ng-native.a(button-hal.o)
 *fill*         0x000000000021fe7c        0x4 
 .bss           0x000000000021fe80      0x150 build/native///contiki-ng-native.a(serial-line.o)
 .bss           0x000000000021ffd0        0x0 build/native///contiki-ng-native.a(leds.o)
 .bss           0x000000000021ffd0        0x0 build/native///contiki-ng-native.a(nullradio.o)
 .bss           0x000000000021ffd0        0x8 build/native///contiki-ng-native.a(gpio-hal.o)
 .bss           0x000000000021ffd8        0x0 build/native///contiki-ng-native.a(memb.o)
 .bss           0x000000000021ffd8        0x0 build/native///contiki-ng-native.a(random.o)
 .bss           0x000000000021ffd8        0x0 build/native///contiki-ng-native.a(ringbuf.o)
 *fill*         0x000000000021ffd8        0x8 
 .bss           0x000000000021ffe0     0x16cc build/native///contiki-ng-native.a(nbr-table.o)
 *fill*         0x00000000002216ac       0x14 
 .bss           0x00000000002216c0     0x12c0 build/native///contiki-ng-native.a(link-stats.o)
 .bss           0x0000000000222980       0x1c build/native///contiki-ng-native.a(uipbuf.o)
 *fill*         0x000000000022299c        0x4 
 .bss           0x00000000002229a0       0x20 build/native///contiki-ng-native.a(uip-icmp6.o)
 .bss           0x00000000002229c0     0x301c build/native///contiki-ng-native.a(uip-sr.o)
 *fill*         0x00000000002259dc        0x4 
 .bss           0x00000000002259e0      0xab2 build/native///contiki-ng-native.a(uip-packetqueue)
 .bss           0x0000000000226492        0x0 build/native///contiki-ng-native.a(rpl-icmp6.o)
 *fill*         0x0000000000226492        0xe 
 .bss           0x00000000002264a0     0x12c0 build/native///contiki-ng-native.a(rpl-neighbor.o)
 .bss           0x0000000000227760        0x0 build/native///contiki-ng-native.a(rpl-dag.o)
 .bss           0x0000000000227760       0x80 build/native///contiki-ng-native.a(rpl-timers.o)
 .bss           0x00000000002277e0        0x0 build/native///contiki-ng-native.a(rpl-ext-header.)
 .bss           0x00000000002277e0       0x14 build/native///contiki-ng-native.a(rpl-nbr-policy.)
 .bss           0x00000000002277f4        0x0 build/native///contiki-ng-native.a(rpl-mrhof.o)
 *fill*         0x00000000002277f4        0x4 
 .bss           0x00000000002277f8        0x8 build/native///contiki-ng-native.a(buttons.o)
                0x00000000002277f8                button_hal_buttons
 .bss           0x0000000000227800        0x4 build/native///contiki-ng-native.a(int-master.o)
 *fill*         0x0000000000227804       0x1c 
 .bss           0x0000000000227820       0xa0 build/native///contiki-ng-native.a(gpio-hal-arch.o)
 .bss           0x00000000002278c0        0x0 /usr/lib/x86_64-linux-gnu/libc_nonshared.a(elf-init.oS)
 .bss           0x00000000002278c0        0x0 /usr/lib/x86_64-linux-gnu/libc_nonshared.a(atexit.oS)
 .bss           0x00000000002278c0        0x0 /usr/lib/gcc/x86_64-linux-gnu/7/crtendS.o
 .bss           0x00000000002278c0        0x0 /usr/lib/gcc/x86_64-linux-gnu/7/../../../x86_64-linux-gnu/crtn.o
 *(COMMON)
 COMMON         0x00000000002278c0       0xe8 build/native///contiki-ng-native.a(contiki-main.o)
                0x00000000002278c0                eb_per_time_source
                0x0000000000227900                unicast_per_neighbor_rpl_storing
                0x0000000000227940                unicast_per_neighbor_rpl_ns
                0x0000000000227980                default_common
 *fill*         0x00000000002279a8        0x8 
 COMMON         0x00000000002279b0       0x30 build/native///contiki-ng-native.a(packetbuf.o)
                0x00000000002279b0                packetbuf_attrs
                0x00000000002279d0                packetbuf_addrs
 COMMON         0x00000000002279e0        0x8 build/native///contiki-ng-native.a(linkaddr.o)
                0x00000000002279e0                linkaddr_node_addr
 *fill*         0x00000000002279e8       0x18 
 COMMON         0x0000000000227a00      0x1c1 build/native///contiki-ng-native.a(uip-ds6.o)
                0x0000000000227a00                uip_ds6_prefix_list
                0x0000000000227a60                uip_ds6_timer_periodic
                0x0000000000227a80                uip_ds6_netif_addr_list_offset
                0x0000000000227aa0                uip_ds6_if
                0x0000000000227bb0                uip_ds6_timer_ra
                0x0000000000227bc0                uip_ds6_addr_size
 COMMON         0x0000000000227bc1        0x1 build/native///contiki-ng-native.a(tcpip.o)
                0x0000000000227bc1                tcpip_event
 *fill*         0x0000000000227bc2       0x1e 
 COMMON         0x0000000000227be0      0x690 build/native///contiki-ng-native.a(uip6.o)
                0x0000000000227be0                uip_slen
                0x0000000000227be8                uip_lladdr
                0x0000000000227bf0                uip_appdata
                0x0000000000227bf8                uip_flags
                0x0000000000227c00                uip_aligned_buf
                0x0000000000228100                uip_len
                0x0000000000228108                uip_sappdata
                0x0000000000228120                uip_udp_conns
                0x0000000000228260                uip_udp_conn
                0x0000000000228268                uip_conn
 COMMON         0x0000000000228270       0x10 build/native///contiki-ng-native.a(rpl.o)
                0x0000000000228270                rpl_multicast_addr
 COMMON         0x0000000000228280        0x8 build/native///contiki-ng-native.a(platform.o)
                0x0000000000228280                contiki_argv
 COMMON         0x0000000000228288        0x3 build/native///contiki-ng-native.a(button-hal.o)
                0x0000000000228288                button_hal_periodic_event
                0x0000000000228289                button_hal_press_event
                0x000000000022828a                button_hal_release_event
 COMMON         0x000000000022828b        0x1 build/native///contiki-ng-native.a(serial-line.o)
                0x000000000022828b                serial_line_event_message
 *fill*         0x000000000022828c       0x14 
 COMMON         0x00000000002282a0       0x40 build/native///contiki-ng-native.a(link-stats.o)
                0x00000000002282a0                periodic_timer
 COMMON         0x00000000002282e0      0x260 build/native///contiki-ng-native.a(rpl-dag.o)
                0x00000000002282e0                curr_instance
                0x0000000000228540                . = ALIGN ((. != 0x0)?0x8:0x1)

.lbss
 *(.dynlbss)
 *(.lbss .lbss.* .gnu.linkonce.lb.*)
 *(LARGE_COMMON)
                0x0000000000228540                . = ALIGN (0x8)
                0x0000000000228540                . = SEGMENT_START ("ldata-segment", .)

.lrodata
 *(.lrodata .lrodata.* .gnu.linkonce.lr.*)

.ldata          0x0000000000628540        0x0
 *(.ldata .ldata.* .gnu.linkonce.l.*)
                0x0000000000628540                . = ALIGN ((. != 0x0)?0x8:0x1)
                0x0000000000628540                . = ALIGN (0x8)
                0x0000000000628540                _end = .
                [!provide]                        PROVIDE (end = .)
                0x0000000000628540                . = DATA_SEGMENT_END (.)

.stab
 *(.stab)

.stabstr
 *(.stabstr)

.stab.excl
 *(.stab.excl)

.stab.exclstr
 *(.stab.exclstr)

.stab.index
 *(.stab.index)

.stab.indexstr
 *(.stab.indexstr)

.comment        0x0000000000000000       0x2a
 *(.comment)
 .comment       0x0000000000000000       0x2a /usr/lib/gcc/x86_64-linux-gnu/7/crtbeginS.o
                                         0x2b (size before relaxing)
 .comment       0x000000000000002a       0x2b demo-counter.o
 .comment       0x000000000000002a       0x2b build/native///obj/mycounter.o
 .comment       0x000000000000002a       0x2b build/native///contiki-ng-native.a(contiki-main.o)
 .comment       0x000000000000002a       0x2b build/native///contiki-ng-native.a(autostart.o)
 .comment       0x000000000000002a       0x2b build/native///contiki-ng-native.a(energest.o)
 .comment       0x000000000000002a       0x2b build/native///contiki-ng-native.a(etimer.o)
 .comment       0x000000000000002a       0x2b build/native///contiki-ng-native.a(log.o)
 .comment       0x000000000000002a       0x2b build/native///contiki-ng-native.a(ctimer.o)
 .comment       0x000000000000002a       0x2b build/native///contiki-ng-native.a(rtimer.o)
 .comment       0x000000000000002a       0x2b build/native///contiki-ng-native.a(node-id.o)
 .comment       0x000000000000002a       0x2b build/native///contiki-ng-native.a(process.o)
 .comment       0x000000000000002a       0x2b build/native///contiki-ng-native.a(timer.o)
 .comment       0x000000000000002a       0x2b build/native///contiki-ng-native.a(list.o)
 .comment       0x000000000000002a       0x2b build/native///contiki-ng-native.a(queuebuf.o)
 .comment       0x000000000000002a       0x2b build/native///contiki-ng-native.a(packetbuf.o)
 .comment       0x000000000000002a       0x2b build/native///contiki-ng-native.a(netstack.o)
 .comment       0x000000000000002a       0x2b build/native///contiki-ng-native.a(linkaddr.o)
 .comment       0x000000000000002a       0x2b build/native///contiki-ng-native.a(nullmac.o)
 .comment       0x000000000000002a       0x2b build/native///contiki-ng-native.a(uip-ds6.o)
 .comment       0x000000000000002a       0x2b build/native///contiki-ng-native.a(uiplib.o)
 .comment       0x000000000000002a       0x2b build/native///contiki-ng-native.a(tcpip.o)
 .comment       0x000000000000002a       0x2b build/native///contiki-ng-native.a(uip-ds6-route.o)
 .comment       0x000000000000002a       0x2b build/native///contiki-ng-native.a(uip-ds6-nbr.o)
 .comment       0x000000000000002a       0x2b build/native///contiki-ng-native.a(uip6.o)
 .comment       0x000000000000002a       0x2b build/native///contiki-ng-native.a(uip-nd6.o)
 .comment       0x000000000000002a       0x2b build/native///contiki-ng-native.a(rpl.o)
 .comment       0x000000000000002a       0x2b build/native///contiki-ng-native.a(rpl-dag-root.o)
 .comment       0x000000000000002a       0x2b build/native///contiki-ng-native.a(platform.o)
 .comment       0x000000000000002a       0x2b build/native///contiki-ng-native.a(clock.o)
 .comment       0x000000000000002a       0x2b build/native///contiki-ng-native.a(tun6-net.o)
 .comment       0x000000000000002a       0x2b build/native///contiki-ng-native.a(rtimer-arch.o)
 .comment       0x000000000000002a       0x2b build/native///contiki-ng-native.a(watchdog.o)
 .comment       0x000000000000002a       0x2b build/native///contiki-ng-native.a(stimer.o)
 .comment       0x000000000000002a       0x2b build/native///contiki-ng-native.a(button-hal.o)
 .comment       0x000000000000002a       0x2b build/native///contiki-ng-native.a(serial-line.o)
 .comment       0x000000000000002a       0x2b build/native///contiki-ng-native.a(leds.o)
 .comment       0x000000000000002a       0x2b build/native///contiki-ng-native.a(nullradio.o)
 .comment       0x000000000000002a       0x2b build/native///contiki-ng-native.a(gpio-hal.o)
 .comment       0x000000000000002a       0x2b build/native///contiki-ng-native.a(memb.o)
 .comment       0x000000000000002a       0x2b build/native///contiki-ng-native.a(random.o)
 .comment       0x000000000000002a       0x2b build/native///contiki-ng-native.a(ringbuf.o)
 .comment       0x000000000000002a       0x2b build/native///contiki-ng-native.a(nbr-table.o)
 .comment       0x000000000000002a       0x2b build/native///contiki-ng-native.a(link-stats.o)
 .comment       0x000000000000002a       0x2b build/native///contiki-ng-native.a(uipbuf.o)
 .comment       0x000000000000002a       0x2b build/native///contiki-ng-native.a(uip-icmp6.o)
 .comment       0x000000000000002a       0x2b build/native///contiki-ng-native.a(uip-sr.o)
 .comment       0x000000000000002a       0x2b build/native///contiki-ng-native.a(uip-packetqueue)
 .comment       0x000000000000002a       0x2b build/native///contiki-ng-native.a(rpl-icmp6.o)
 .comment       0x000000000000002a       0x2b build/native///contiki-ng-native.a(rpl-neighbor.o)
 .comment       0x000000000000002a       0x2b build/native///contiki-ng-native.a(rpl-dag.o)
 .comment       0x000000000000002a       0x2b build/native///contiki-ng-native.a(rpl-timers.o)
 .comment       0x000000000000002a       0x2b build/native///contiki-ng-native.a(rpl-ext-header.)
 .comment       0x000000000000002a       0x2b build/native///contiki-ng-native.a(rpl-nbr-policy.)
 .comment       0x000000000000002a       0x2b build/native///contiki-ng-native.a(rpl-mrhof.o)
 .comment       0x000000000000002a       0x2b build/native///contiki-ng-native.a(buttons.o)
 .comment       0x000000000000002a       0x2b build/native///contiki-ng-native.a(int-master.o)
 .comment       0x000000000000002a       0x2b build/native///contiki-ng-native.a(gpio-hal-arch.o)
 .comment       0x000000000000002a       0x2b /usr/lib/gcc/x86_64-linux-gnu/7/crtendS.o

.debug
 *(.debug)

.line
 *(.line)

.debug_srcinfo
 *(.debug_srcinfo)

.debug_sfnames
 *(.debug_sfnames)

.debug_aranges  0x0000000000000000      0xaa0
 *(.debug_aranges)
 .debug_aranges
                0x0000000000000000       0x30 demo-counter.o
 .debug_aranges
                0x0000000000000030       0x30 build/native///obj/mycounter.o
 .debug_aranges
                0x0000000000000060       0x30 build/native///contiki-ng-native.a(contiki-main.o)
 .debug_aranges
                0x0000000000000090       0x30 build/native///contiki-ng-native.a(autostart.o)
 .debug_aranges
                0x00000000000000c0       0x30 build/native///contiki-ng-native.a(energest.o)
 .debug_aranges
                0x00000000000000f0       0x30 build/native///contiki-ng-native.a(etimer.o)
 .debug_aranges
                0x0000000000000120       0x30 build/native///contiki-ng-native.a(log.o)
 .debug_aranges
                0x0000000000000150       0x30 build/native///contiki-ng-native.a(ctimer.o)
 .debug_aranges
                0x0000000000000180       0x30 build/native///contiki-ng-native.a(rtimer.o)
 .debug_aranges
                0x00000000000001b0       0x30 build/native///contiki-ng-native.a(node-id.o)
 .debug_aranges
                0x00000000000001e0       0x30 build/native///contiki-ng-native.a(process.o)
 .debug_aranges
                0x0000000000000210       0x30 build/native///contiki-ng-native.a(timer.o)
 .debug_aranges
                0x0000000000000240       0x30 build/native///contiki-ng-native.a(list.o)
 .debug_aranges
                0x0000000000000270       0x30 build/native///contiki-ng-native.a(queuebuf.o)
 .debug_aranges
                0x00000000000002a0       0x30 build/native///contiki-ng-native.a(packetbuf.o)
 .debug_aranges
                0x00000000000002d0       0x30 build/native///contiki-ng-native.a(netstack.o)
 .debug_aranges
                0x0000000000000300       0x30 build/native///contiki-ng-native.a(linkaddr.o)
 .debug_aranges
                0x0000000000000330       0x30 build/native///contiki-ng-native.a(nullmac.o)
 .debug_aranges
                0x0000000000000360       0x30 build/native///contiki-ng-native.a(uip-ds6.o)
 .debug_aranges
                0x0000000000000390       0x30 build/native///contiki-ng-native.a(uiplib.o)
 .debug_aranges
                0x00000000000003c0       0x30 build/native///contiki-ng-native.a(tcpip.o)
 .debug_aranges
                0x00000000000003f0       0x30 build/native///contiki-ng-native.a(uip-ds6-route.o)
 .debug_aranges
                0x0000000000000420       0x30 build/native///contiki-ng-native.a(uip-ds6-nbr.o)
 .debug_aranges
                0x0000000000000450       0x30 build/native///contiki-ng-native.a(uip6.o)
 .debug_aranges
                0x0000000000000480       0x30 build/native///contiki-ng-native.a(uip-nd6.o)
 .debug_aranges
                0x00000000000004b0       0x30 build/native///contiki-ng-native.a(rpl.o)
 .debug_aranges
                0x00000000000004e0       0x30 build/native///contiki-ng-native.a(rpl-dag-root.o)
 .debug_aranges
                0x0000000000000510       0x30 build/native///contiki-ng-native.a(platform.o)
 .debug_aranges
                0x0000000000000540       0x30 build/native///contiki-ng-native.a(clock.o)
 .debug_aranges
                0x0000000000000570       0x30 build/native///contiki-ng-native.a(tun6-net.o)
 .debug_aranges
                0x00000000000005a0       0x30 build/native///contiki-ng-native.a(rtimer-arch.o)
 .debug_aranges
                0x00000000000005d0       0x30 build/native///contiki-ng-native.a(watchdog.o)
 .debug_aranges
                0x0000000000000600       0x30 build/native///contiki-ng-native.a(stimer.o)
 .debug_aranges
                0x0000000000000630       0x30 build/native///contiki-ng-native.a(button-hal.o)
 .debug_aranges
                0x0000000000000660       0x30 build/native///contiki-ng-native.a(serial-line.o)
 .debug_aranges
                0x0000000000000690       0x30 build/native///contiki-ng-native.a(leds.o)
 .debug_aranges
                0x00000000000006c0       0x30 build/native///contiki-ng-native.a(nullradio.o)
 .debug_aranges
                0x00000000000006f0       0x30 build/native///contiki-ng-native.a(gpio-hal.o)
 .debug_aranges
                0x0000000000000720       0x30 build/native///contiki-ng-native.a(memb.o)
 .debug_aranges
                0x0000000000000750       0x30 build/native///contiki-ng-native.a(random.o)
 .debug_aranges
                0x0000000000000780       0x30 build/native///contiki-ng-native.a(ringbuf.o)
 .debug_aranges
                0x00000000000007b0       0x30 build/native///contiki-ng-native.a(nbr-table.o)
 .debug_aranges
                0x00000000000007e0       0x30 build/native///contiki-ng-native.a(link-stats.o)
 .debug_aranges
                0x0000000000000810       0x30 build/native///contiki-ng-native.a(uipbuf.o)
 .debug_aranges
                0x0000000000000840       0x30 build/native///contiki-ng-native.a(uip-icmp6.o)